[github.com/index.html]
[github.githubassets.com/assets/frameworks-e41b3811197df7fbb60147e939917617.css]
[github.githubassets.com/assets/site-db5797d9868460861af755858749976b.css]
[backblue.gif]
[fade.gif]
[index.html]
[github.githubassets.com/assets/github-45eeb5507e3150108ec71ff7b9a4e4ff.css]
[github.com/opensearch.xml]
[github.com/fluidicon.png]
[github.githubassets.com/images/modules/open_graph/github-logo.png]
[github.githubassets.com/images/modules/open_graph/github-mark.png]
[github.githubassets.com/images/modules/open_graph/github-octocat.png]
[github.com/windows-tile.png]
[github.com/manifest.json]
[github.com/join6a53.html]
[github.com/features.html]
[github.com/features/integrations.html]
[github.com/features/project-management/index.html]
[github.com/features/code-review/index.html]
[github.com/features/actions.html]
[github.com/features/packages.html]
[github.com/features/security.html]
[github.com/customer-stories49ee.html]
[github.com/security.html]
[github.com/enterprise.html]
[github.com/explore.html]
[github.com/topics.html]
[github.com/collections.html]
[github.com/trending.html]
[github.com/events.html]
[github.com/marketplace.html]
[github.com/pricing.html]
[github.com/nonprofit.html]
[github.com/login.html]
[github.com/logine7b6.html]
[github.com/open-source.html]
[github.com/signup_check/username.210540.delayed]
[github.com/signup_check/email.22.delayed]
[github.com/join75e8.html]
[github.com/organizations/enterprise_plan.html]
[github.githubassets.com/images/modules/site/logos/airbnb-logo.png]
[github.githubassets.com/images/modules/site/logos/sap-logo.png]
[github.githubassets.com/images/modules/site/logos/ibm-logo.png]
[github.githubassets.com/images/modules/site/logos/google-logo.png]
[github.githubassets.com/images/modules/site/logos/paypal-logo.png]
[github.githubassets.com/images/modules/site/logos/bloomberg-logo.png]
[github.githubassets.com/images/modules/site/logos/spotify-logo.png]
[github.githubassets.com/images/modules/site/logos/swift-logo.png]
[github.githubassets.com/images/modules/site/logos/facebook-logo.png]
[github.githubassets.com/images/modules/site/logos/node-logo.png]
[github.githubassets.com/images/modules/site/logos/nasa-logo.png]
[github.githubassets.com/images/modules/site/logos/walmart-logo.png]
[github.com/join94bd.html]
[github.com/features/code-review.html]
[github.com/features/project-management.html]
[github.com/customer-stories/mgm-resorts.html]
[customer-stories-feed.github.com/customer_stories/mgm-resorts/hero.jpg]
[customer-stories-feed.github.com/customer_stories/nationwide/nw_hero.jpg]
[github.com/customer-stories/nationwide.html]
[github.com/customer-stories/sap.html]
[customer-stories-feed.github.com/customer_stories/sap/sap6.jpg]
[github.com/customer-stories/spotify.html]
[customer-stories-feed.github.com/customer_stories/spotify/spotifyhero.jpg]
[github.githubassets.com/images/modules/site/home-illo-business.png]
[github.githubassets.com/images/modules/site/integrators/slackhq.png]
[github.githubassets.com/images/modules/site/integrators/zenhubio.png]
[github.githubassets.com/images/modules/site/integrators/travis-ci.png]
[github.githubassets.com/images/modules/site/integrators/atom.png]
[github.githubassets.com/images/modules/site/integrators/circleci.png]
[github.githubassets.com/images/modules/site/integrators/google.png]
[github.githubassets.com/images/modules/site/integrators/codeclimate.png]
[customer-stories-feed.github.com/customer_stories/freakboy3742/hero.jpg]
[github.com/customer-stories/freakboy3742.html]
[github.com/customer-stories/kris-nova.html]
[customer-stories-feed.github.com/customer_stories/kris-nova/hero.jpg]
[github.com/customer-stories/yyx990803.html]
[customer-stories-feed.github.com/customer_stories/yyx990803/hero.jpg]
[github.com/customer-stories/jessfraz.html]
[customer-stories-feed.github.com/customer_stories/jessfraz/hero.jpg]
[github.com/personal.html]
[github.com/signup_check/username.4e.delayed]
[github.com/about.html]
[github.com/about/careers.html]
[github.com/about/press.html]
[github.com/github.html]
[github.githubassets.com/assets/compat-bootstrap-a38bd2e0.js]
[github.githubassets.com/assets/environment-bootstrap-d86b578a.js]
[github.githubassets.com/assets/vendor-d7fe9557.js]
[github.githubassets.com/assets/frameworks-c6c037b0.js]
[github.githubassets.com/assets/github-bootstrap-66af07f6.js]
[github.githubassets.com/assets/unsupported-bootstrap-dc060eae.js]
[github.com/index.html]
[github.githubassets.com/images/spinners/octocat-spinner-16px.gif]
[github.githubassets.com/images/modules/ajax/success.png]
[github.githubassets.com/images/modules/ajax/error.png]
[github.githubassets.com/images/spinners/octocat-spinner-32.gif]
[github.githubassets.com/images/modules/ajax/success@2x.png]
[github.githubassets.com/images/modules/ajax/error@2x.png]
[github.githubassets.com/images/spinners/octocat-spinner-32-EAF2F5.gif]
[github.githubassets.com/images/spinners/octocat-spinner-16px-EAF2F5.gif]
[github.githubassets.com/assets/frameworks-e41b3811197df7fbb60147e939917617.css]
[github.githubassets.com/images/modules/site/netneutrality/netneutrality.png]
[github.githubassets.com/images/modules/site/illflow_window_ui.png]
[github.githubassets.com/images/modules/site/business-security-illflow-bg.png]
[github.githubassets.com/images/modules/site/features/actions-hero-bg.jpg]
[github.githubassets.com/images/modules/site/site-signup-prompt.png]
[github.githubassets.com/assets/site-db5797d9868460861af755858749976b.css]
[github.githubassets.com/images/modules/pulls/progressive-disclosure-line@2x.png]
[github.githubassets.com/images/modules/pagehead/background-yellowhatch-v3.png]
[github.githubassets.com/images/spinners/octocat-spinner-64.gif]
[github.githubassets.com/images/modules/jobs/logo.png]
[github.githubassets.com/images/modules/commit/trans_bg.gif]
[github.githubassets.com/images/spinners/octocat-spinner-128.gif]
[github.githubassets.com/assets/github-45eeb5507e3150108ec71ff7b9a4e4ff.css]
[github.com/join.html]
[github.com/joinaebb.html]
[github.com/login6ad1.html]
[github.com/signup_check/username.72fc8d.delayed]
[github.com/join6a53.html]
[github.githubassets.com/images/modules/site/social-cards/features.png]
[github.com/login2a66.html]
[github.githubassets.com/images/modules/site/product-illo/img-actions.png]
[github.githubassets.com/images/modules/site/product-illo/img-packages.png]
[github.githubassets.com/images/modules/site/product-illo/security-advisories.png]
[github.githubassets.com/images/modules/site/product-illo/img-propose-changes.png]
[github.githubassets.com/images/modules/site/product-illo/img-see-the-difference.png]
[github.githubassets.com/images/modules/site/product-illo/img-clear-feedback.png]
[github.githubassets.com/images/modules/site/product-illo/img-review-request.png]
[github.githubassets.com/images/modules/site/product-illo/img-comment-context.png]
[github.githubassets.com/images/modules/site/product-illo/img-protect-branches.png]
[github.githubassets.com/images/modules/site/product-illo/img-github-desktop.png]
[github.com/features/actions/index.html]
[github.githubassets.com/images/modules/site/product-illo/img-gh-mobile.png]
[github.com/features/integrations/index.html]
[github.com/login1256.html]
[github.com/login7f26.html]
[github.githubassets.com/images/modules/site/logos/atom-logo.png]
[github.com/atom/atom.html]
[github.githubassets.com/images/modules/site/logos/electron-logo.png]
[github.com/electron/electron.html]
[github.githubassets.com/images/modules/site/logos/hubot-logo.png]
[github.com/hubotio/hubot.html]
[github.githubassets.com/images/modules/site/logos/lfs-logo.png]
[github.com/git-lfs/git-lfs.html]
[github.githubassets.com/images/modules/site/integrators/appveyor-logo.png]
[github.githubassets.com/images/modules/site/integrators/codacy.png]
[github.githubassets.com/images/modules/site/product-illo/img-code-hosting.png]
[github.githubassets.com/images/modules/site/product-illo/img-github-pages.png]
[github.githubassets.com/images/modules/site/product-illo/img-projects.png]
[github.githubassets.com/images/modules/site/product-illo/img-issues.png]
[github.githubassets.com/images/modules/site/product-illo/img-manage-grow-teams.png]
[github.githubassets.com/images/modules/site/product-illo/img-convos-on-topic.png]
[github.githubassets.com/images/modules/site/product-illo/img-community-guidelines.png]
[github.com/join399f.html]
[github.com/enterprisec4e6.html]
[github.com/features.html]
[github.com/join030b.html]
[github.com/login5e7c.html]
[github.githubassets.com/images/modules/site/product-illo/img-pull-request.png]
[github.githubassets.com/images/modules/site/product-illo/img-diff.png]
[github.githubassets.com/images/modules/site/product-illo/img-history.png]
[github.githubassets.com/images/modules/site/product-illo/img-blame.png]
[github.githubassets.com/images/modules/site/product-illo/img-comment-simple.png]
[github.githubassets.com/images/modules/site/product-illo/img-review-request-2.png]
[github.githubassets.com/images/modules/site/product-illo/img-reviews.png]
[github.githubassets.com/images/modules/site/product-illo/img-conflict.png]
[github.githubassets.com/images/modules/site/integrators/codecov.png]
[github.com/marketplace/codecov.html]
[github.githubassets.com/images/modules/site/integrators/codacy-dark.png]
[github.com/marketplace/codacy.html]
[github.com/marketplace/coveralls.html]
[github.githubassets.com/images/modules/site/integrators/coveralls.png]
[github.githubassets.com/images/modules/site/integrators/codefactor.png]
[github.com/join9c9e.html]
[github.com/join99a7.html]
[github.com/features/code-review/index.html]
[github.com/join8af0.html]
[github.com/login1c9f.html]
[github.githubassets.com/images/modules/site/product-illo/img-projects-tasks.png]
[github.githubassets.com/images/modules/site/product-illo/img-projects-mentions.png]
[github.githubassets.com/images/modules/site/product-illo/img-projects-labels.png]
[github.githubassets.com/images/modules/site/product-illo/img-projects-milestones.png]
[github.githubassets.com/images/modules/site/product-illo/img-pull-request-2.png]
[github.githubassets.com/images/modules/site/product-illo/img-project-full.png]
[github.com/marketplace/codetree.html]
[github.githubassets.com/images/modules/site/integrators/codetree.png]
[github.com/marketplace/stale.html]
[github.githubassets.com/images/modules/site/integrators/stale.png]
[github.com/marketplace/zube.html]
[github.githubassets.com/images/modules/site/integrators/zube.png]
[github.com/features/project-management/index.html]
[github.com/marketplace/zenhub.html]
[github.com/loginfd7f.html]
[github.githubassets.com/images/modules/site/integrators/waffleio.png]
[github.com/marketplace/index.html]
[github.com/features/integrations.html]
[github.com/login59a5.html]
[github.githubassets.com/images/modules/site/social-cards/actions.png]
[github.com/login7fa3.html]
[github.com/marketplace158b.html]
[github.com/launchdarkly/find-code-references.html]
[github.com/Azure/actions.html]
[github.com/aws-actions/amazon-ecr-login.html]
[github.com/Azure/k8s-actions.html]
[github.com/codeclimate/velocity-deploy-action.html]
[github.com/coverallsapp/github-action.html]
[github.githubassets.com/images/modules/site/features/actions-coveralls.png]
[github.com/Axosoft/glo-actions.html]
[github.githubassets.com/images/modules/site/features/actions-axosoft.png]
[github.com/mablhq/github-run-tests-action.html]
[github.githubassets.com/images/modules/site/features/actions-mabl.png]
[github.com/actions/stale.html]
[github.com/actions/labeler.html]
[github.com/actions/zeit-now.e6.delayed]
[github.com/GoogleCloudPlatform/github-actions.html]
[github.com/codecov/codecov-action.html]
[github.com/features/actions.html]
[github.com/actions/starter-workflows.html]
[github.githubassets.com/images/modules/site/social-cards/package-registry.png]
[github.com/loginc476.html]
[github.githubassets.com/assets/marketing-0d7de86e.js]
[github.com/features/packages.html]
[github.githubassets.com/images/modules/site/social-cards/advanced-security.png]
[github.com/login513a.html]
[github.com/features/security.html]
[github.com/advisories.html]
[github.githubassets.com/images/modules/site/social-cards/enterprise.png]
[github.com/login5789.html]
[github.com/customer-stories/ford.html]
[customer-stories-feed.github.com/customer_stories/ford/Fordhero.jpg]
[customer-stories-feed.github.com/customer_stories/zendesk/zendesk-hero.jpg]
[github.com/customer-stories/zendesk.html]
[customer-stories-feed.github.com/customer_stories/american-airlines/AAhero.jpg]
[github.com/customer-stories/american-airlines.html]
[github.com/customer-stories/the-hartford.html]
[customer-stories-feed.github.com/customer_stories/the-hartford/hartfordhero.jpg]
[github.com/customer-stories1814.html]
[github.com/customer-stories9610.html]
[github.com/customer-stories5ba0.html]
[github.com/customer-stories5b57.html]
[github.com/customer-stories79d6.html]
[github.com/customer-storiesef48.html]
[github.com/customer-stories9f28.html]
[github.com/customer-stories7013.html]
[github.com/customer-storiesaa56.html]
[github.com/customer-storiesddc9.html]
[github.com/customer-storiesab11.html]
[github.com/customer-stories874a.html]
[github.com/customer-stories52ad.html]
[github.com/customer-storiescb36.html]
[github.com/customer-storiese976.html]
[github.com/customer-stories6c6e.html]
[github.com/customer-stories51c6.html]
[github.com/customer-stories1d43.html]
[github.com/customer-storiese510.html]
[github.com/customer-stories33b3.html]
[github.com/customer-stories9d5f.html]
[github.com/customer-storiesc406.html]
[github.com/customer-stories/adeo.html]
[customer-stories-feed.github.com/customer_stories/ADEO/adeooffice.jpg]
[github.com/customer-stories/anaplan.html]
[customer-stories-feed.github.com/customer_stories/anaplan/hero.jpg]
[github.com/customer-stories/arduino.html]
[customer-stories-feed.github.com/customer_stories/arduino/arduino-github-01.jpg]
[github.com/customer-stories/bcg-gamma.html]
[customer-stories-feed.github.com/customer_stories/bcg-gamma/BCG3.jpg]
[customer-stories-feed.github.com/customer_stories/braintree/hero.jpg]
[github.com/customer-stories/braintree.html]
[customer-stories-feed.github.com/customer_stories/brother/brother2.jpg]
[github.com/customer-stories/brother-industries.html]
[github.com/customer-stories/ch-robinson.html]
[customer-stories-feed.github.com/customer_stories/ch-robinson/hero.jpg]
[customer-stories-feed.github.com/customer_stories/coinbase/hero.jpg]
[github.com/customer-stories/coinbase.html]
[customer-stories-feed.github.com/customer_stories/continental/ContiHero.jpg]
[github.com/customer-stories/continental.html]
[customer-stories-feed.github.com/customer_stories/covermymeds/hero.jpg]
[github.com/customer-stories/covermymeds.html]
[github.com/customer-stories/cruise-automation.html]
[customer-stories-feed.github.com/customer_stories/cruise-automation/hero.jpg]
[github.com/customer-stories/cyberagent.html]
[customer-stories-feed.github.com/customer_stories/cyberagent/hero.jpg]
[customer-stories-feed.github.com/customer_stories/dazn/Dazn6.jpg]
[github.com/customer-stories/dazn.html]
[customer-stories-feed.github.com/customer_stories/decathlon/Decathlon3.jpg]
[github.com/customer-stories/decathlon.html]
[customer-stories-feed.github.com/customer_stories/deliveroo/deliveroo1.jpg]
[github.com/customer-stories/deliveroo.html]
[customer-stories-feed.github.com/customer_stories/delivery-hero/deliveryhero2.jpg]
[github.com/customer-stories/delivery-hero.html]
[customer-stories-feed.github.com/customer_stories/deutsche_borse/DB-Hero.jpg]
[github.com/customer-stories/deutsche-boerse-group.html]
[customer-stories-feed.github.com/customer_stories/dlr/hero.jpg]
[github.com/customer-stories/dlr.html]
[customer-stories-feed.github.com/customer_stories/dominion/hero.jpg]
[github.com/customer-stories/dominion.html]
[customer-stories-feed.github.com/customer_stories/dow-jones/dowjoneshero.jpg]
[github.com/customer-stories/dow-jones.html]
[customer-stories-feed.github.com/customer_stories/engie/engie-hero.jpg]
[github.com/customer-stories/engie.html]
[github.com/customer-stories/enova.html]
[customer-stories-feed.github.com/customer_stories/enova/hero.jpg]
[customer-stories-feed.github.com/customer_stories/globant/globant-hero.jpg]
[github.com/customer-stories/globant.html]
[github.com/customer-stories/groupon.html]
[customer-stories-feed.github.com/customer_stories/groupon/hero.jpg]
[customer-stories-feed.github.com/customer_stories/hootsuite/hero.jpg]
[github.com/customer-stories/hootsuite.html]
[customer-stories-feed.github.com/customer_stories/hubspot/hero.jpg]
[github.com/customer-stories/hubspot.html]
[customer-stories-feed.github.com/customer_stories/jibo/hero.jpg]
[github.com/customer-stories/jibo.html]
[customer-stories-feed.github.com/customer_stories/jpl/hero.jpg]
[github.com/customer-stories/jpl.html]
[customer-stories-feed.github.com/customer_stories/kakao/hero.jpg]
[github.com/customer-stories/kakao.html]
[customer-stories-feed.github.com/customer_stories/leapmotion/hero.jpg]
[github.com/customer-stories/leapmotion.html]
[customer-stories-feed.github.com/customer_stories/mailchimp/hero.jpg]
[github.com/customer-stories/mailchimp.html]
[customer-stories-feed.github.com/customer_stories/mapbox/hero.jpg]
[github.com/customer-stories/mapbox.html]
[github.com/customer-stories/media-assembly.html]
[customer-stories-feed.github.com/customer_stories/media-assembly/hero.jpg]
[github.com/customer-stories/microsoft.html]
[customer-stories-feed.github.com/customer_stories/microsoft/msfthero.jpg]
[customer-stories-feed.github.com/customer_stories/nubank/nubank6.jpg]
[github.com/customer-stories/nubank.html]
[customer-stories-feed.github.com/customer_stories/omise/hero.jpg]
[github.com/customer-stories/omise.html]
[customer-stories-feed.github.com/customer_stories/peak-money/peak1.jpg]
[github.com/customer-stories/peak-money.html]
[github.com/customer-stories/pinterest.html]
[customer-stories-feed.github.com/customer_stories/pinterest/pinterest4.jpg]
[customer-stories-feed.github.com/customer_stories/qualcomm/qualcomm_wearables3.jpg]
[github.com/customer-stories/qualcomm.html]
[github.com/customer-stories/rea-group.html]
[customer-stories-feed.github.com/customer_stories/rea-group/hero.jpg]
[github.com/customer-stories/skyscanner.html]
[customer-stories-feed.github.com/customer_stories/skyscanner/office-1.jpg]
[customer-stories-feed.github.com/customer_stories/societe-generale/sg-hero.jpg]
[github.com/customer-stories/societe-generale.html]
[github.com/customer-stories/stripe.html]
[customer-stories-feed.github.com/customer_stories/stripe/Stripe5.jpg]
[github.com/customer-stories/trainline.html]
[customer-stories-feed.github.com/customer_stories/trainline/hero.jpg]
[github.com/customer-stories/trustpilot.html]
[customer-stories-feed.github.com/customer_stories/trustpilot/trustpilot4.jpg]
[customer-stories-feed.github.com/customer_stories/twilio/twiliohero.jpg]
[github.com/customer-stories/twilio.html]
[customer-stories-feed.github.com/customer_stories/uminn/hero.jpg]
[github.com/customer-stories/uminn.html]
[customer-stories-feed.github.com/customer_stories/wayfair/Wayfair5.jpg]
[github.com/customer-stories/wayfair.html]
[github.com/customer-stories/white-label-international-retailer.html]
[customer-stories-feed.github.com/customer_stories/white_label_international_retailer/003.png]
[customer-stories-feed.github.com/customer_stories/xing/xing-hero.jpg]
[github.com/customer-stories/xing.html]
[github.com/customer-stories49ee.html]
[github.githubassets.com/images/modules/site/social-cards/security.png]
[github.com/loginef8d.html]
[github.com/security/trust.html]
[github.com/security/team.html]
[github.com/security.html]
[github.com/security/incident-response.html]
[github.com/logina6d8.html]
[github.com/features/insights.html]
[github.githubassets.com/images/modules/site/product-illo/security-alert-1@2x.png]
[github.com/premium-support.html]
[github.githubassets.com/images/modules/site/product-illo/security-alert-2@2x.png]
[github.githubassets.com/images/modules/site/integrators/azure-pipelines.png]
[github.githubassets.com/images/modules/site/integrators/dependabot.png]
[github.githubassets.com/images/modules/site/integrators/imgbot.png]
[github.githubassets.com/images/modules/enterprise/stripe-customer-story-callout.png]
[github.com/enterprise.html]
[github.githubassets.com/images/modules/explore/social.jpg]
[github.com/loginf87c.html]
[github.com/sponsors/community.html]
[github.com/explore/email.html]
[github.com/gwen001.html]
[github.com/gwen001/pentest-tools.html]
[github.com/logina1ed.html]
[github.com/gwen001/pentest-tools/stargazers.html]
[github.com/gwen001/pentest-tools/issues.html]
[github.com/gwen001/pentest-tools/pulls.html]
[github.com/CSSEGISandData.html]
[github.com/CSSEGISandData/COVID-19.html]
[github.com/logina982.html]
[github.com/CSSEGISandData/COVID-19/stargazers.html]
[github.com/CSSEGISandData/COVID-19/issues.html]
[github.com/CSSEGISandData/COVID-19/pulls.html]
[github.com/CSSEGISandData/COVID-19/issues/595.html]
[github.com/CSSEGISandData/COVID-19/issues/577.html]
[github.com/CSSEGISandData/COVID-19/issues/206.html]
[github.com/CSSEGISandData/COVID-19/contribute.html]
[github.com/topics/csharp.html]
[raw.githubusercontent.com/github/explore/80688e429a7d4ef2fca1e82350fe8e3517d3494d/topics/csharp/csharp.png]
[github.com/laserbat.html]
[github.com/laserbat/bach.html]
[github.com/login6de4.html]
[github.com/laserbat/bach.sed/stargazers.html]
[github.com/laserbat/bach.sed/issues.html]
[github.com/laserbat/bach.sed/pulls.html]
[github.com/discordjs.html]
[github.com/discordjs/discord.html]
[github.com/login9c84.html]
[github.com/discordjs/discord.js/stargazers.html]
[github.com/discordjs/discord.js/issues.html]
[github.com/discordjs/discord.js/pulls.html]
[github.com/discordjs/discord.js/issues/3155.html]
[github.com/discordjs/discord.js/issues.1ba5ec7.delayed]
[github.com/discordjs/discord.js/issues.1bbea06.delayed]
[events-feed.github.com/events/github-actions-hackathon/github-actions-hackathon.png]
[github.com/pop-os.html]
[github.com/pop-os/shell.html]
[github.com/logineac7.html]
[github.com/pop-os/shell/stargazers.html]
[github.com/pop-os/shell/issues.html]
[github.com/pop-os/shell/pulls.html]
[github.com/denisidoro.html]
[github.com/denisidoro/navi.html]
[github.com/login59f4.html]
[github.com/denisidoro/navi/stargazers.html]
[github.com/denisidoro/navi/issues.html]
[github.com/denisidoro/navi/pulls.html]
[github.com/topics/shell.html]
[github.com/topics/bash.html]
[github.com/topics/rust.html]
[github.com/topics/snippets.html]
[github.com/topics/terminal.html]
[github.com/topics/command-line.html]
[github.com/topics/snippet.html]
[github.com/topics/cheatsheets.html]
[github.com/collections/learn-to-code.html]
[raw.githubusercontent.com/github/explore/80688e429a7d4ef2fca1e82350fe8e3517d3494d/collections/learn-to-code/learn-to-code.png]
[github.com/marketplace/app-center.html]
[github.com/qiurunze123.html]
[github.com/qiurunze123/miaosha.html]
[github.com/login9cdd.html]
[github.com/qiurunze123/miaosha/stargazers.html]
[github.com/qiurunze123/miaosha/issues.html]
[github.com/qiurunze123/miaosha/pulls.html]
[github.githubassets.com/images/icons/emoji/unicode/1f64b.png]
[github.githubassets.com/images/icons/emoji/unicode/1f413.png]
[github.com/coolsnowwolf.html]
[github.com/coolsnowwolf/lede.html]
[github.com/logind0df.html]
[github.com/coolsnowwolf/lede/stargazers.html]
[github.com/coolsnowwolf/lede/issues.html]
[github.com/coolsnowwolf/lede/pulls.html]
[github.com/topics/lua.html]
[github.com/topics/openwrt.html]
[github.com/topics/lede.html]
[github.com/topics/openwrt-package.html]
[github.com/topics/openwrt-zh-cn.html]
[github.com/topics/openwrt-feed.html]
[github.com/topics/openwrt-shadowsocksr-libev-full.html]
[github.com/FoldingAtHome.html]
[github.com/FoldingAtHome/coronavirus.html]
[github.com/login6ead.html]
[github.com/FoldingAtHome/coronavirus/stargazers.html]
[github.com/FoldingAtHome/coronavirus/issues.html]
[github.com/FoldingAtHome/coronavirus/pulls.html]
[github.com/Code-Pop.html]
[github.com/Code-Pop/real-world-vue.html]
[github.com/login6ce9.html]
[github.com/Code-Pop/real-world-vue/stargazers.html]
[github.com/Code-Pop/real-world-vue/issues.html]
[github.com/Code-Pop/real-world-vue/pulls.html]
[github.com/mathdroid.html]
[github.com/mathdroid/covid-19-api.html]
[github.com/logincb7d.html]
[github.com/mathdroid/covid-19-api/stargazers.html]
[github.com/mathdroid/covid-19-api/issues.html]
[github.com/mathdroid/covid-19-api/pulls.html]
[github.com/lmoroney.html]
[github.com/lmoroney/dlaicourse.html]
[github.com/login66a1.html]
[github.com/lmoroney/dlaicourse/stargazers.html]
[github.com/lmoroney/dlaicourse/issues.html]
[github.com/lmoroney/dlaicourse/pulls.html]
[github.com/lmoroney/dlaicourse/issues/14.html]
[github.com/aydinnyunus.html]
[github.com/aydinnyunus/Keylogger.html]
[github.com/loginda56.html]
[github.com/aydinnyunus/Keylogger/stargazers.html]
[github.com/aydinnyunus/Keylogger/issues.html]
[github.com/aydinnyunus/Keylogger/pulls.html]
[github.com/topics/python.html]
[github.com/topics/hacking.html]
[github.com/topics/python3.html]
[github.com/topics/cybersecurity.html]
[github.com/topics/keylogger.html]
[github.com/topics/offensive-security.html]
[github.com/topics/cyber-security.html]
[github.com/topics/hacking-tool.html]
[github.com/topics/keylog.html]
[github.com/topics/keylogger-analysis.html]
[github.com/topics/python-hacking.html]
[github.com/topics/python-tools.html]
[github.com/topics/hacking-tools.html]
[github.com/topics/hacking-code.html]
[github.com/topics/keylogging.html]
[github.com/topics/keylogger-screenshot.html]
[github.com/topics/hackingtools.html]
[github.com/topics/keylogs.html]
[github.com/topics/offensive-scripts.html]
[github.com/topics/keyloger.html]
[github.com/tylerha97.html]
[github.com/tylerha97/awesome-reversing.html]
[github.com/logina420.html]
[github.com/tylerha97/awesome-reversing/stargazers.html]
[github.com/tylerha97/awesome-reversing/issues.html]
[github.com/tylerha97/awesome-reversing/pulls.html]
[github.com/jitsi.html]
[github.com/jitsi/jitsi-meet.html]
[github.com/login1ec8.html]
[github.com/jitsi/jitsi-meet/stargazers.html]
[github.com/jitsi/jitsi-meet/issues.html]
[github.com/jitsi/jitsi-meet/pulls.html]
[github.com/jitsi/jitsi-meet/issues/4743.html]
[user-images.githubusercontent.com/1614482/65829228-8ba0e680-e2d5-11e9-9310-a5fc036c017c.png]
[github.com/jitsi/jitsi-meet/issues.22ac907.delayed]
[github.com/jitsi/jitsi-meet/issues/4541.html]
[github.com/midas-network/COVID-19.html]
[github.com/midas-network.html]
[github.com/login8b99.html]
[github.com/midas-network/COVID-19/stargazers.html]
[github.com/midas-network/COVID-19/issues.html]
[github.com/midas-network/COVID-19/pulls.html]
[github.com/yangshun.html]
[github.com/yangshun/tech-interview-handbook.html]
[github.com/logina256.html]
[github.com/yangshun/tech-interview-handbook/stargazers.html]
[github.com/yangshun/tech-interview-handbook/pulls.html]
[github.com/yangshun/tech-interview-handbook/issues/93.238.delayed]
[github.com/MarlinFirmware/Marlin.html]
[github.com/MarlinFirmware.html]
[github.com/loginee79.html]
[github.com/MarlinFirmware/Marlin/stargazers.html]
[github.com/MarlinFirmware/Marlin/issues.html]
[github.com/MarlinFirmware/Marlin/pulls.html]
[github.com/MarlinFirmware/Marlin/issues/16950.html]
[github.com/MarlinFirmware/Marlin/issues.2407dc7.delayed]
[github.com/MarlinFirmware/Marlin/issues.2415f31.delayed]
[github.com/MarlinFirmware/Marlin/issues.2428a46.delayed]
[github.com/MarlinFirmware/Marlin/issues/15097.html]
[github.com/MarlinFirmware/Marlin/issues/13401.html]
[github.com/MarlinFirmware/Marlin/contribute.html]
[github.com/tg-bomze.html]
[github.com/tg-bomze/Face-Image-Motion-Model.html]
[github.com/login127a.html]
[github.com/tg-bomze/Face-Image-Motion-Model/stargazers.html]
[github.com/tg-bomze/Face-Image-Motion-Model/issues.html]
[github.com/tg-bomze/Face-Image-Motion-Model/pulls.html]
[github.com/ExpDev07.html]
[github.com/ExpDev07/coronavirus-tracker-api.html]
[github.com/login958b.html]
[github.com/ExpDev07/coronavirus-tracker-api/stargazers.html]
[github.com/ExpDev07/coronavirus-tracker-api/issues.html]
[github.com/ExpDev07/coronavirus-tracker-api/pulls.html]
[github.githubassets.com/images/icons/emoji/unicode/1f37c.png]
[github.com/topics/heroku.html]
[github.com/topics/api.html]
[github.com/topics/flask.html]
[github.com/topics/json-api.html]
[github.com/topics/rest-api.html]
[github.com/topics/pip.html]
[github.com/topics/webapp.html]
[github.com/topics/pipenv.html]
[github.com/topics/deaths.html]
[github.com/topics/ncov.html]
[github.com/topics/coronavirus.html]
[github.com/topics/coronavirus-real-time.html]
[github.com/topics/recoveries.html]
[github.com/topics/coronavirus-tracker.html]
[github.com/topics/covid-19.html]
[github.com/topics/covid19.html]
[github.com/wesbos.html]
[github.com/wesbos/rona.html]
[github.com/loginbfdb.html]
[github.com/wesbos/rona/stargazers.html]
[github.com/wesbos/rona/issues.html]
[github.com/wesbos/rona/pulls.html]
[github.com/openwrt.html]
[github.com/openwrt/openwrt.html]
[github.com/logind6db.html]
[github.com/openwrt/openwrt/stargazers.html]
[github.com/openwrt/openwrt/pulls.html]
[github.com/openwrt/openwrt/issues/520.26f.delayed]
[github.com/openwrt/openwrt/issues/571.270.delayed]
[github.com/openwrt/openwrt/issues/510.271.delayed]
[github.com/openwrt/openwrt/contribute.html]
[github.com/CavsZhouyou.html]
[github.com/CavsZhouyou/Front-End-Interview-Notebook.html]
[github.com/login4fd1.html]
[github.com/CavsZhouyou/Front-End-Interview-Notebook/stargazers.html]
[github.com/CavsZhouyou/Front-End-Interview-Notebook/issues.html]
[github.com/CavsZhouyou/Front-End-Interview-Notebook/pulls.html]
[github.githubassets.com/images/icons/emoji/unicode/1f41c.png]
[github.com/ThisIsIsaac.html]
[github.com/ThisIsIsaac/COVID-19_Korea_Dataset.html]
[github.com/loginff58.html]
[github.com/ThisIsIsaac/COVID-19_Korea_Dataset/stargazers.html]
[github.com/ThisIsIsaac/COVID-19_Korea_Dataset/issues.html]
[github.com/ThisIsIsaac/COVID-19_Korea_Dataset/pulls.html]
[github.com/enaqx.html]
[github.com/enaqx/awesome-react.html]
[github.com/loginbe2a.html]
[github.com/enaqx/awesome-react/stargazers.html]
[github.com/enaqx/awesome-react/issues.html]
[github.com/enaqx/awesome-react/pulls.html]
[github.com/enaqx/awesome-react/issues/1072.html]
[github.com/marketplace/sync-by-unito.html]
[github.com/trending/developers.html]
[github.com/GuillaumeGomez.html]
[github.com/GuillaumeGomez/sysinfo.html]
[github.com/hibiken.html]
[github.com/hibiken/react-places-autocomplete.html]
[github.com/fatedier.html]
[github.com/fatedier/frp.html]
[github.com/adrienverge.html]
[github.com/adrienverge/yamllint.html]
[github.githubassets.com/assets/explore-bootstrap-c796bfe9.js]
[github.com/explore.html]
[github.com/login22f1.html]
[github.com/topics/reactiveui.html]
[raw.githubusercontent.com/github/explore/80688e429a7d4ef2fca1e82350fe8e3517d3494d/topics/reactiveui/reactiveui.png]
[raw.githubusercontent.com/github/explore/80688e429a7d4ef2fca1e82350fe8e3517d3494d/topics/azure/azure.png]
[github.com/topics/azure.html]
[github.com/topics/telegram.html]
[raw.githubusercontent.com/github/explore/80688e429a7d4ef2fca1e82350fe8e3517d3494d/topics/telegram/telegram.png]
[github.com/topics/3d.html]
[github.com/login05b4.html]
[github.com/topics/ajax.html]
[github.com/login7d5f.html]
[github.com/topics/algorithm.html]
[github.com/login67e5.html]
[github.com/topics/amphp.html]
[raw.githubusercontent.com/github/explore/80688e429a7d4ef2fca1e82350fe8e3517d3494d/topics/amphp/amphp.png]
[github.com/login3181.html]
[github.com/topics/android.html]
[raw.githubusercontent.com/github/explore/80688e429a7d4ef2fca1e82350fe8e3517d3494d/topics/android/android.png]
[github.com/login1179.html]
[raw.githubusercontent.com/github/explore/80688e429a7d4ef2fca1e82350fe8e3517d3494d/topics/angular/angular.png]
[github.com/topics/angular.html]
[github.com/login2ce5.html]
[github.com/topics/ansible.html]
[raw.githubusercontent.com/github/explore/80688e429a7d4ef2fca1e82350fe8e3517d3494d/topics/ansible/ansible.png]
[github.com/loginb735.html]
[github.com/login0b51.html]
[raw.githubusercontent.com/github/explore/80688e429a7d4ef2fca1e82350fe8e3517d3494d/topics/arduino/arduino.png]
[github.com/topics/arduino.html]
[github.com/login50cd.html]
[raw.githubusercontent.com/github/explore/80688e429a7d4ef2fca1e82350fe8e3517d3494d/topics/aspnet/aspnet.png]
[github.com/topics/aspnet.html]
[github.com/loginec96.html]
[github.com/topics/atom.html]
[raw.githubusercontent.com/github/explore/80688e429a7d4ef2fca1e82350fe8e3517d3494d/topics/atom/atom.png]
[github.com/loginf3f3.html]
[raw.githubusercontent.com/github/explore/80688e429a7d4ef2fca1e82350fe8e3517d3494d/topics/awesome/awesome.png]
[github.com/topics/awesome.html]
[github.com/logine6d6.html]
[raw.githubusercontent.com/github/explore/fbceb94436312b6dacde68d122a5b9c7d11f9524/topics/aws/aws.png]
[github.com/topics/aws.html]
[github.com/logine397.html]
[github.com/login1d7b.html]
[github.com/topics/babel.html]
[raw.githubusercontent.com/github/explore/cb39e2385dfcec8a661d01bfacff6b1e33bbaa9d/topics/babel/babel.png]
[github.com/login8833.html]
[raw.githubusercontent.com/github/explore/80688e429a7d4ef2fca1e82350fe8e3517d3494d/topics/bash/bash.png]
[github.com/loginb344.html]
[raw.githubusercontent.com/github/explore/80688e429a7d4ef2fca1e82350fe8e3517d3494d/topics/bitcoin/bitcoin.png]
[github.com/topics/bitcoin.html]
[github.com/login8835.html]
[raw.githubusercontent.com/github/explore/80688e429a7d4ef2fca1e82350fe8e3517d3494d/topics/bootstrap/bootstrap.png]
[github.com/topics/bootstrap.html]
[github.com/login5d3c.html]
[github.com/topics/bot.html]
[github.com/loginf00c.html]
[raw.githubusercontent.com/github/explore/80688e429a7d4ef2fca1e82350fe8e3517d3494d/topics/c/c.png]
[github.com/topics/c.html]
[github.com/login772d.html]
[github.com/topics/chrome.html]
[raw.githubusercontent.com/github/explore/80688e429a7d4ef2fca1e82350fe8e3517d3494d/topics/chrome/chrome.png]
[github.com/login2789.html]
[github.com/topics/chrome-extension.html]
[raw.githubusercontent.com/github/explore/80688e429a7d4ef2fca1e82350fe8e3517d3494d/topics/chrome-extension/chrome-extension.png]
[github.com/login3d57.html]
[github.com/topics/cli.html]
[github.com/login367d.html]
[raw.githubusercontent.com/github/explore/80688e429a7d4ef2fca1e82350fe8e3517d3494d/topics/clojure/clojure.png]
[github.com/topics/clojure.html]
[github.com/login741a.html]
[github.com/topics/code-quality.html]
[github.com/loginff31.html]
[github.com/topics/code-review.html]
[github.com/login8c59.html]
[github.com/topics/compiler.html]
[github.com/login0307.html]
[github.com/topics/continuous-integration.html]
[github.com/login7f8d.html]
[github.com/topics/cpp.html]
[raw.githubusercontent.com/github/explore/80688e429a7d4ef2fca1e82350fe8e3517d3494d/topics/cpp/cpp.png]
[github.com/logina40e.html]
[github.com/topics/cryptocurrency.html]
[github.com/logind889.html]
[github.com/topics/react.html]
[github.com/topics/nodejs.html]
[github.com/topics/javascript.html]
[github.com/topics/java.html]
[github.com/topics/html.html]
[github.com/topics/docker.html]
[github.com/topics/typescript.html]
[github.com/topics/mongodb.html]
[github.com/topics.html]
[github.com/topics/assignment.html]
[github.com/login586c.html]
[github.com/collections/pixel-art-tools.html]
[raw.githubusercontent.com/github/explore/80688e429a7d4ef2fca1e82350fe8e3517d3494d/collections/pixel-art-tools/pixel-art-tools.png]
[github.com/collections/text-editors.html]
[raw.githubusercontent.com/github/explore/80688e429a7d4ef2fca1e82350fe8e3517d3494d/collections/text-editors/text-editors.png]
[github.com/collections/choosing-projects.html]
[github.com/collections/clean-code-linters.html]
[github.com/collections/open-journalism.html]
[github.com/collections/design-essentials.html]
[github.com/collections/music.html]
[raw.githubusercontent.com/github/explore/80688e429a7d4ef2fca1e82350fe8e3517d3494d/collections/government/government.png]
[github.com/collections/government.html]
[github.com/collections/devops-tools.html]
[github.com/collections/front-end-javascript-frameworks.html]
[raw.githubusercontent.com/github/explore/80688e429a7d4ef2fca1e82350fe8e3517d3494d/collections/github-pages-examples/github-pages-examples.png]
[github.com/collections/github-browser-extensions.html]
[github.com/collections/github-pages-examples.html]
[github.com/collections/hacking-minecraft.html]
[github.com/collections/javascript-game-engines.html]
[github.com/collections/machine-learning.html]
[github.com/collections/made-in-africa.html]
[raw.githubusercontent.com/github/explore/95db15839d9d404742e1dc3aebc83bc8ea42eb24/collections/net-neutrality/net-neutrality.gif]
[github.com/collections/net-neutrality.html]
[github.com/collections/open-data.html]
[raw.githubusercontent.com/github/explore/80688e429a7d4ef2fca1e82350fe8e3517d3494d/collections/open-source-organizations/open-source-organizations.png]
[github.com/collections/open-source-organizations.html]
[github.com/collections/policies.html]
[github.com/collections.html]
[github.com/collections/productivity-tools.html]
[github.com/loginfc99.html]
[github.com/trending9f79.html]
[github.com/trendinge74f.html]
[github.com/trendingb934.html]
[github.com/trendingabb0.html]
[github.com/trending9142.html]
[github.com/trending1304.html]
[github.com/trendingda25.html]
[github.com/trendingffad.html]
[github.com/trending6884.html]
[github.com/trendinga452.html]
[github.com/trendingbee9.html]
[github.com/trending751f.html]
[github.com/trendingd423.html]
[github.com/trending565f.html]
[github.com/trending87d6.html]
[github.com/trendingcde3.html]
[github.com/trendinge7ea.html]
[github.com/trendingab17.html]
[github.com/trendingd345.html]
[github.com/trendinge35e.html]
[github.com/trending65d9.html]
[github.com/trending1f1e.html]
[github.com/trending4728.html]
[github.com/trending4ff8.html]
[github.com/trending7bae.html]
[github.com/trendingacdc.html]
[github.com/trending5f52.html]
[github.com/trending6bcc.html]
[github.com/trending365c.html]
[github.com/trending0d94.html]
[github.com/trending5695.html]
[github.com/trendinga601.html]
[github.com/trending90b7.html]
[github.com/trending29de.html]
[github.com/trending056e.html]
[github.com/trendinga07b.html]
[github.com/trending5627.html]
[github.com/trending15f4.html]
[github.com/trending9414.html]
[github.com/trendingb9ba.html]
[github.com/trending/c++33bd.html]
[github.com/trending/html33bd.html]
[github.com/trending/java33bd.html]
[github.com/trending/javascript33bd.html]
[github.com/trending/php33bd.html]
[github.com/trending/python33bd.html]
[github.com/trending/ruby33bd.html]
[github.com/trending/unknown33bd.html]
[github.com/trending/1c-enterprise33bd.html]
[github.com/trending/4d33bd.html]
[github.com/trending/abap33bd.html]
[github.com/trending/abnf33bd.html]
[github.com/trending/actionscript33bd.html]
[github.com/trending/ada33bd.html]
[github.com/trending/adobe-font-metrics33bd.html]
[github.com/trending/agda33bd.html]
[github.com/trending/ags-script33bd.html]
[github.com/trending/alloy33bd.html]
[github.com/trending/alpine-abuild33bd.html]
[github.com/trending/altium-designer33bd.html]
[github.com/trending/ampl33bd.html]
[github.com/trending/angelscript33bd.html]
[github.com/trending/ant-build-system33bd.html]
[github.com/trending/antlr33bd.html]
[github.com/trending/apacheconf33bd.html]
[github.com/trending/apex33bd.html]
[github.com/trending/api-blueprint33bd.html]
[github.com/trending/apl33bd.html]
[github.com/trending/apollo-guidance-computer33bd.html]
[github.com/trending/applescript33bd.html]
[github.com/trending/arc33bd.html]
[github.com/trending/asciidoc33bd.html]
[github.com/trending/asn33bd.html]
[github.com/trending/asp33bd.html]
[github.com/trending/aspectj33bd.html]
[github.com/trending/assembly33bd.html]
[github.com/trending/asymptote33bd.html]
[github.com/trending/ats33bd.html]
[github.com/trending/augeas33bd.html]
[github.com/trending/autohotkey33bd.html]
[github.com/trending/autoit33bd.html]
[github.com/trending/awk33bd.html]
[github.com/trending/ballerina33bd.html]
[github.com/trending/batchfile33bd.html]
[github.com/trending/befunge33bd.html]
[github.com/trending/bibtex33bd.html]
[github.com/trending/bison33bd.html]
[github.com/trending/bitbake33bd.html]
[github.com/trending/blade33bd.html]
[github.com/trending/blitzbasic33bd.html]
[github.com/trending/blitzmax33bd.html]
[github.com/trending/bluespec33bd.html]
[github.com/trending/boo33bd.html]
[github.com/trending/brainfuck33bd.html]
[github.com/trending/brightscript33bd.html]
[github.com/trending/zeek33bd.html]
[github.com/trending/c33bd.html]
[github.com/trending/c#33bd.html]
[github.com/trending/c-objdump33bd.html]
[github.com/trending/c2hs-haskell33bd.html]
[github.com/trending/cabal-config33bd.html]
[github.com/trending/cap'n-proto33bd.html]
[github.com/trending/cartocss33bd.html]
[github.com/trending/ceylon33bd.html]
[github.com/trending/chapel33bd.html]
[github.com/trending/charity33bd.html]
[github.com/trending/chuck33bd.html]
[github.com/trending/cirru33bd.html]
[github.com/trending/clarion33bd.html]
[github.com/trending/clean33bd.html]
[github.com/trending/click33bd.html]
[github.com/trending/clips33bd.html]
[github.com/trending/clojure33bd.html]
[github.com/trending/closure-templates33bd.html]
[github.com/trending/cloud-firestore-security-rules33bd.html]
[github.com/trending/cmake33bd.html]
[github.com/trending/cobol33bd.html]
[github.com/trending/coffeescript33bd.html]
[github.com/trending/coldfusion33bd.html]
[github.com/trending/coldfusion-cfc33bd.html]
[github.com/trending/collada33bd.html]
[github.com/trending/common-lisp33bd.html]
[github.com/trending/common-workflow-language33bd.html]
[github.com/trending/component-pascal33bd.html]
[github.com/trending/conll-u33bd.html]
[github.com/trending/cool33bd.html]
[github.com/trending/coq33bd.html]
[github.com/trending/cpp-objdump33bd.html]
[github.com/trending/creole33bd.html]
[github.com/trending/crystal33bd.html]
[github.com/trending/cson33bd.html]
[github.com/trending/csound33bd.html]
[github.com/trending/csound-document33bd.html]
[github.com/trending/csound-score33bd.html]
[github.com/trending/css33bd.html]
[github.com/trending/csv33bd.html]
[github.com/trending/cuda33bd.html]
[github.com/trending/curl-config33bd.html]
[github.com/trending/cweb33bd.html]
[github.com/trending/cycript33bd.html]
[github.com/trending/cython33bd.html]
[github.com/trending/d33bd.html]
[github.com/trending/d-objdump33bd.html]
[github.com/trending/darcs-patch33bd.html]
[github.com/trending/dart33bd.html]
[github.com/trending/dataweave33bd.html]
[github.com/trending/desktop33bd.html]
[github.com/trending/dhall33bd.html]
[github.com/trending/diff33bd.html]
[github.com/trending/digital-command-language33bd.html]
[github.com/trending/dircolors33bd.html]
[github.com/trending/directx-3d-file33bd.html]
[github.com/trending/dm33bd.html]
[github.com/trending/dns-zone33bd.html]
[github.com/trending/dockerfile33bd.html]
[github.com/trending/dogescript33bd.html]
[github.com/trending/dtrace33bd.html]
[github.com/trending/dylan33bd.html]
[github.com/trending/e33bd.html]
[github.com/trending/eagle33bd.html]
[github.com/trending/easybuild33bd.html]
[github.com/trending/ebnf33bd.html]
[github.com/trending/ec33bd.html]
[github.com/trending/ecere-projects33bd.html]
[github.com/trending/ecl33bd.html]
[github.com/trending/eclipse33bd.html]
[github.com/trending/editorconfig33bd.html]
[github.com/trending/edje-data-collection33bd.html]
[github.com/trending/edn33bd.html]
[github.com/trending/eiffel33bd.html]
[github.com/trending/ejs33bd.html]
[github.com/trending/elixir33bd.html]
[github.com/trending/elm33bd.html]
[github.com/trending/emacs-lisp33bd.html]
[github.com/trending/emberscript33bd.html]
[github.com/trending/eml33bd.html]
[github.com/trending/eq33bd.html]
[github.com/trending/erlang33bd.html]
[github.com/trending/f#33bd.html]
[github.com/trending/f_33bd.html]
[github.com/trending/factor33bd.html]
[github.com/trending/fancy33bd.html]
[github.com/trending/fantom33bd.html]
[github.com/trending/faust33bd.html]
[github.com/trending/figlet-font33bd.html]
[github.com/trending/filebench-wml33bd.html]
[github.com/trending/filterscript33bd.html]
[github.com/trending/fish33bd.html]
[github.com/trending/flux33bd.html]
[github.com/trending/formatted33bd.html]
[github.com/trending/forth33bd.html]
[github.com/trending/fortran33bd.html]
[github.com/trending/freemarker33bd.html]
[github.com/trending/frege33bd.html]
[github.com/trending/g-code33bd.html]
[github.com/trending/game-maker-language33bd.html]
[github.com/trending/gaml33bd.html]
[github.com/trending/gams33bd.html]
[github.com/trending/gap33bd.html]
[github.com/trending/gcc-machine-description33bd.html]
[github.com/trending/gdb33bd.html]
[github.com/trending/gdscript33bd.html]
[github.com/trending/genie33bd.html]
[github.com/trending/genshi33bd.html]
[github.com/trending/gentoo-ebuild33bd.html]
[github.com/trending/gentoo-eclass33bd.html]
[github.com/trending/gerber-image33bd.html]
[github.com/trending/gettext-catalog33bd.html]
[github.com/trending/gherkin33bd.html]
[github.com/trending/git-attributes33bd.html]
[github.com/trending/git-config33bd.html]
[github.com/trending/glsl33bd.html]
[github.com/trending/glyph33bd.html]
[github.com/trending/glyph-bitmap-distribution-format33bd.html]
[github.com/trending/gn33bd.html]
[github.com/trending/gnuplot33bd.html]
[github.com/trending/go33bd.html]
[github.com/trending/golo33bd.html]
[github.com/trending/gosu33bd.html]
[github.com/trending/grace33bd.html]
[github.com/trending/gradle33bd.html]
[github.com/trending/grammatical-framework33bd.html]
[github.com/trending/graph-modeling-language33bd.html]
[github.com/trending/graphql33bd.html]
[github.com/trending/graphviz-(dot)33bd.html]
[github.com/trending/groovy33bd.html]
[github.com/trending/groovy-server-pages33bd.html]
[github.com/trending/hack33bd.html]
[github.com/trending/haml33bd.html]
[github.com/trending/handlebars33bd.html]
[github.com/trending/haproxy33bd.html]
[github.com/trending/harbour33bd.html]
[github.com/trending/haskell33bd.html]
[github.com/trending/haxe33bd.html]
[github.com/trending/hcl33bd.html]
[github.com/trending/hiveql33bd.html]
[github.com/trending/hlsl33bd.html]
[github.com/trending/holyc33bd.html]
[github.com/trending/html+django33bd.html]
[github.com/trending/html+ecr33bd.html]
[github.com/trending/html+eex33bd.html]
[github.com/trending/html+erb33bd.html]
[github.com/trending/html+php33bd.html]
[github.com/trending/html+razor33bd.html]
[github.com/trending/http33bd.html]
[github.com/trending/hxml33bd.html]
[github.com/trending/hy33bd.html]
[github.com/trending/hyphy33bd.html]
[github.com/trending/idl33bd.html]
[github.com/trending/idris33bd.html]
[github.com/trending/ignore-list33bd.html]
[github.com/trending/igor-pro33bd.html]
[github.com/trending/inform-733bd.html]
[github.com/trending/ini33bd.html]
[github.com/trending/inno-setup33bd.html]
[github.com/trending/io33bd.html]
[github.com/trending/ioke33bd.html]
[github.com/trending/irc-log33bd.html]
[github.com/trending/isabelle33bd.html]
[github.com/trending/isabelle-root33bd.html]
[github.com/trending/j33bd.html]
[github.com/trending/jasmin33bd.html]
[github.com/trending/java-properties33bd.html]
[github.com/trending/java-server-pages33bd.html]
[github.com/trending/javascript+erb33bd.html]
[github.com/trending/jflex33bd.html]
[github.com/trending/jison33bd.html]
[github.com/trending/jison-lex33bd.html]
[github.com/trending/jolie33bd.html]
[github.com/trending/json33bd.html]
[github.com/trending/json-with-comments33bd.html]
[github.com/trending/json533bd.html]
[github.com/trending/jsoniq33bd.html]
[github.com/trending/jsonld33bd.html]
[github.com/trending/jsonnet33bd.html]
[github.com/trending/jsx33bd.html]
[github.com/trending/julia33bd.html]
[github.com/trending/jupyter-notebook33bd.html]
[github.com/trending/kicad-layout33bd.html]
[github.com/trending/kicad-legacy-layout33bd.html]
[github.com/trending/kicad-schematic33bd.html]
[github.com/trending/kit33bd.html]
[github.com/trending/kotlin33bd.html]
[github.com/trending/krl33bd.html]
[github.com/trending/labview33bd.html]
[github.com/trending/lasso33bd.html]
[github.com/trending/latte33bd.html]
[github.com/trending/lean33bd.html]
[github.com/trending/less33bd.html]
[github.com/trending/lex33bd.html]
[github.com/trending/lfe33bd.html]
[github.com/trending/lilypond33bd.html]
[github.com/trending/limbo33bd.html]
[github.com/trending/linker-script33bd.html]
[github.com/trending/linux-kernel-module33bd.html]
[github.com/trending/liquid33bd.html]
[github.com/trending/literate-agda33bd.html]
[github.com/trending/literate-coffeescript33bd.html]
[github.com/trending/literate-haskell33bd.html]
[github.com/trending/livescript33bd.html]
[github.com/trending/llvm33bd.html]
[github.com/trending/logos33bd.html]
[github.com/trending/logtalk33bd.html]
[github.com/trending/lolcode33bd.html]
[github.com/trending/lookml33bd.html]
[github.com/trending/loomscript33bd.html]
[github.com/trending/lsl33bd.html]
[github.com/trending/ltspice-symbol33bd.html]
[github.com/trending/lua33bd.html]
[github.com/trending/m33bd.html]
[github.com/trending/m433bd.html]
[github.com/trending/m4sugar33bd.html]
[github.com/trending/makefile33bd.html]
[github.com/trending/mako33bd.html]
[github.com/trending/markdown33bd.html]
[github.com/trending/marko33bd.html]
[github.com/trending/mask33bd.html]
[github.com/trending/mathematica33bd.html]
[github.com/trending/matlab33bd.html]
[github.com/trending/maven-pom33bd.html]
[github.com/trending/max33bd.html]
[github.com/trending/maxscript33bd.html]
[github.com/trending/mcfunction33bd.html]
[github.com/trending/mediawiki33bd.html]
[github.com/trending/mercury33bd.html]
[github.com/trending/meson33bd.html]
[github.com/trending/metal33bd.html]
[github.com/trending/microsoft-developer-studio-project33bd.html]
[github.com/trending/minid33bd.html]
[github.com/trending/mirah33bd.html]
[github.com/trending/mirc-script33bd.html]
[github.com/trending/mlir33bd.html]
[github.com/trending/modelica33bd.html]
[github.com/trending/modula-233bd.html]
[github.com/trending/modula-333bd.html]
[github.com/trending/module-management-system33bd.html]
[github.com/trending/monkey33bd.html]
[github.com/trending/moocode33bd.html]
[github.com/trending/moonscript33bd.html]
[github.com/trending/motorola-68k-assembly33bd.html]
[github.com/trending/mql433bd.html]
[github.com/trending/mql533bd.html]
[github.com/trending/mtml33bd.html]
[github.com/trending/muf33bd.html]
[github.com/trending/mupad33bd.html]
[github.com/trending/muse33bd.html]
[github.com/trending/myghty33bd.html]
[github.com/trending/nanorc33bd.html]
[github.com/trending/ncl33bd.html]
[github.com/trending/nearley33bd.html]
[github.com/trending/nemerle33bd.html]
[github.com/trending/nesc33bd.html]
[github.com/trending/netlinx33bd.html]
[github.com/trending/netlinx+erb33bd.html]
[github.com/trending/netlogo33bd.html]
[github.com/trending/newlisp33bd.html]
[github.com/trending/nextflow33bd.html]
[github.com/trending/nginx33bd.html]
[github.com/trending/nim33bd.html]
[github.com/trending/ninja33bd.html]
[github.com/trending/nit33bd.html]
[github.com/trending/nix33bd.html]
[github.com/trending/nl33bd.html]
[github.com/trending/npm-config33bd.html]
[github.com/trending/nsis33bd.html]
[github.com/trending/nu33bd.html]
[github.com/trending/numpy33bd.html]
[github.com/trending/objdump33bd.html]
[github.com/trending/object-data-instance-notation33bd.html]
[github.com/trending/objective-c33bd.html]
[github.com/trending/objective-c++33bd.html]
[github.com/trending/objective-j33bd.html]
[github.com/trending/objectscript33bd.html]
[github.com/trending/ocaml33bd.html]
[github.com/trending/odin33bd.html]
[github.com/trending/omgrofl33bd.html]
[github.com/trending/ooc33bd.html]
[github.com/trending/opa33bd.html]
[github.com/trending/opal33bd.html]
[github.com/trending/open-policy-agent33bd.html]
[github.com/trending/opencl33bd.html]
[github.com/trending/openedge-abl33bd.html]
[github.com/trending/openrc-runscript33bd.html]
[github.com/trending/openscad33bd.html]
[github.com/trending/openstep-property-list33bd.html]
[github.com/trending/opentype-feature-file33bd.html]
[github.com/trending/org33bd.html]
[github.com/trending/ox33bd.html]
[github.com/trending/oxygene33bd.html]
[github.com/trending/oz33bd.html]
[github.com/trending/p433bd.html]
[github.com/trending/pan33bd.html]
[github.com/trending/papyrus33bd.html]
[github.com/trending/parrot33bd.html]
[github.com/trending/parrot-assembly33bd.html]
[github.com/trending/parrot-internal-representation33bd.html]
[github.com/trending/pascal33bd.html]
[github.com/trending/pawn33bd.html]
[github.com/trending/pep833bd.html]
[github.com/trending/perl33bd.html]
[github.com/trending/pic33bd.html]
[github.com/trending/pickle33bd.html]
[github.com/trending/picolisp33bd.html]
[github.com/trending/piglatin33bd.html]
[github.com/trending/pike33bd.html]
[github.com/trending/plpgsql33bd.html]
[github.com/trending/plsql33bd.html]
[github.com/trending/pod33bd.html]
[github.com/trending/pod-633bd.html]
[github.com/trending/pogoscript33bd.html]
[github.com/trending/pony33bd.html]
[github.com/trending/postcss33bd.html]
[github.com/trending/postscript33bd.html]
[github.com/trending/pov-ray-sdl33bd.html]
[github.com/trending/powerbuilder33bd.html]
[github.com/trending/powershell33bd.html]
[github.com/trending/prisma33bd.html]
[github.com/trending/processing33bd.html]
[github.com/trending/proguard33bd.html]
[github.com/trending/prolog33bd.html]
[github.com/trending/propeller-spin33bd.html]
[github.com/trending/protocol-buffer33bd.html]
[github.com/trending/public-key33bd.html]
[github.com/trending/pug33bd.html]
[github.com/trending/puppet33bd.html]
[github.com/trending/pure-data33bd.html]
[github.com/trending/purebasic33bd.html]
[github.com/trending/purescript33bd.html]
[github.com/trending/python-console33bd.html]
[github.com/trending/python-traceback33bd.html]
[github.com/trending/q33bd.html]
[github.com/trending/qmake33bd.html]
[github.com/trending/qml33bd.html]
[github.com/trending/quake33bd.html]
[github.com/trending/r33bd.html]
[github.com/trending/racket33bd.html]
[github.com/trending/ragel33bd.html]
[github.com/trending/raku33bd.html]
[github.com/trending/raml33bd.html]
[github.com/trending/rascal33bd.html]
[github.com/trending/raw-token-data33bd.html]
[github.com/trending/rdoc33bd.html]
[github.com/trending/readline-config33bd.html]
[github.com/trending/realbasic33bd.html]
[github.com/trending/reason33bd.html]
[github.com/trending/rebol33bd.html]
[github.com/trending/red33bd.html]
[github.com/trending/redcode33bd.html]
[github.com/trending/regular-expression33bd.html]
[github.com/trending/ren'py33bd.html]
[github.com/trending/renderscript33bd.html]
[github.com/trending/restructuredtext33bd.html]
[github.com/trending/rexx33bd.html]
[github.com/trending/rhtml33bd.html]
[github.com/trending/rich-text-format33bd.html]
[github.com/trending/ring33bd.html]
[github.com/trending/riot33bd.html]
[github.com/trending/rmarkdown33bd.html]
[github.com/trending/robotframework33bd.html]
[github.com/trending/roff33bd.html]
[github.com/trending/roff-manpage33bd.html]
[github.com/trending/rouge33bd.html]
[github.com/trending/rpc33bd.html]
[github.com/trending/rpm-spec33bd.html]
[github.com/trending/runoff33bd.html]
[github.com/trending/rust33bd.html]
[github.com/trending/sage33bd.html]
[github.com/trending/saltstack33bd.html]
[github.com/trending/sas33bd.html]
[github.com/trending/sass33bd.html]
[github.com/trending/scala33bd.html]
[github.com/trending/scaml33bd.html]
[github.com/trending/scheme33bd.html]
[github.com/trending/scilab33bd.html]
[github.com/trending/scss33bd.html]
[github.com/trending/sed33bd.html]
[github.com/trending/self33bd.html]
[github.com/trending/shaderlab33bd.html]
[github.com/trending/shell33bd.html]
[github.com/trending/shellsession33bd.html]
[github.com/trending/shen33bd.html]
[github.com/trending/slash33bd.html]
[github.com/trending/slice33bd.html]
[github.com/trending/slim33bd.html]
[github.com/trending/smali33bd.html]
[github.com/trending/smalltalk33bd.html]
[github.com/trending/smarty33bd.html]
[github.com/trending/smpl33bd.html]
[github.com/trending/smt33bd.html]
[github.com/trending/solidity33bd.html]
[github.com/trending/sourcepawn33bd.html]
[github.com/trending/sparql33bd.html]
[github.com/trending/spline-font-database33bd.html]
[github.com/trending/sqf33bd.html]
[github.com/trending/sql33bd.html]
[github.com/trending/sqlpl33bd.html]
[github.com/trending/squirrel33bd.html]
[github.com/trending/srecode-template33bd.html]
[github.com/trending/ssh-config33bd.html]
[github.com/trending/stan33bd.html]
[github.com/trending/standard-ml33bd.html]
[github.com/trending/starlark33bd.html]
[github.com/trending/stata33bd.html]
[github.com/trending/ston33bd.html]
[github.com/trending/stylus33bd.html]
[github.com/trending/subrip-text33bd.html]
[github.com/trending/sugarss33bd.html]
[github.com/trending/supercollider33bd.html]
[github.com/trending/svelte33bd.html]
[github.com/trending/svg33bd.html]
[github.com/trending/swift33bd.html]
[github.com/trending/swig33bd.html]
[github.com/trending/systemverilog33bd.html]
[github.com/trending/tcl33bd.html]
[github.com/trending/tcsh33bd.html]
[github.com/trending/tea33bd.html]
[github.com/trending/terra33bd.html]
[github.com/trending/tex33bd.html]
[github.com/trending/texinfo33bd.html]
[github.com/trending/text33bd.html]
[github.com/trending/textile33bd.html]
[github.com/trending/thrift33bd.html]
[github.com/trending/ti-program33bd.html]
[github.com/trending/tla33bd.html]
[github.com/trending/toml33bd.html]
[github.com/trending/tsql33bd.html]
[github.com/trending/tsx33bd.html]
[github.com/trending/turing33bd.html]
[github.com/trending/turtle33bd.html]
[github.com/trending/twig33bd.html]
[github.com/trending/txl33bd.html]
[github.com/trending/type-language33bd.html]
[github.com/trending/typescript33bd.html]
